{"ts":"2026-06-08T06:13:32Z","reason":"f03_reject_out_of_tree","file_path":"/Users/wouterdebot/Documents/Development/AgentRepoCoach/fleet/state/SESSION_LOG.md","tool_name":"Edit"}
{"ts":"2026-06-08T06:29:36Z","reason":"f03_reject_out_of_tree","file_path":"/Users/wouterdebot/Documents/Development/AgentRepoCoach/fleet/state/AGENDA.md","tool_name":"Edit"}
{"ts":"2026-06-08T06:29:51Z","reason":"f03_reject_out_of_tree","file_path":"/Users/wouterdebot/Documents/Development/AgentRepoCoach/fleet/state/SESSION_LOG.md","tool_name":"Edit"}
{"ts":"2026-06-08T06:41:48Z","reason":"f03_reject_out_of_tree","file_path":"/Users/wouterdebot/Documents/Development/AgentRepoCoach/fleet/state/AGENDA.md","tool_name":"Edit"}
{"ts":"2026-06-08T06:44:05Z","reason":"f03_reject_out_of_tree","file_path":"/Users/wouterdebot/Documents/Development/AgentRepoCoach/fleet/state/AGENDA.md","tool_name":"Edit"}
{"ts":"2026-06-08T06:44:24Z","reason":"f03_reject_out_of_tree","file_path":"/Users/wouterdebot/Documents/Development/AgentRepoCoach/fleet/state/SESSION_LOG.md","tool_name":"Edit"}
{"ts":"2026-06-08T07:57:47Z","reason":"f03_reject_out_of_tree","file_path":"/Users/wouterdebot/Documents/Development/AgentRepoCoach/fleet/state/SESSION_LOG.md","tool_name":"Edit"}
{"ts":"2026-06-08T08:27:04Z","reason":"f03_reject_out_of_tree","file_path":"/Users/wouterdebot/Documents/Development/AgentRepoCoach/fleet/handoffs/2026-06-08-solution-architect-to-software-engineer-GH-011-skeleton.md","tool_name":"Write"}
{"ts":"2026-06-08T09:53:52Z","reason":"f03_reject_out_of_tree","file_path":"/Users/wouterdebot/Documents/Development/AgentRepoCoach/fleet/handoffs/2026-06-08-solution-architect-design-GH-011.md","tool_name":"Write"}
{"ts":"2026-06-08T10:39:23Z","reason":"f03_reject_out_of_tree","file_path":"/Users/wouterdebot/Documents/Development/AgentRepoCoach/fleet/memory/software-engineer-learnings.md","tool_name":"Edit"}
{"ts":"2026-06-08T10:39:52Z","reason":"f03_reject_out_of_tree","file_path":"/Users/wouterdebot/Documents/Development/AgentRepoCoach/fleet/handoffs/2026-06-08-software-engineer-to-qa-verifier-GH-011.md","tool_name":"Write"}
{"ts":"2026-06-08T10:41:23Z","reason":"f03_reject_out_of_tree","file_path":"/Users/wouterdebot/Documents/Development/AgentRepoCoach/fleet/state/AGENDA.md","tool_name":"Edit"}
{"ts":"2026-06-08T10:41:38Z","reason":"f03_reject_out_of_tree","file_path":"/Users/wouterdebot/Documents/Development/AgentRepoCoach/fleet/state/AGENDA.md","tool_name":"Edit"}
{"ts":"2026-06-08T10:42:00Z","reason":"f03_reject_out_of_tree","file_path":"/Users/wouterdebot/Documents/Development/AgentRepoCoach/fleet/state/SESSION_LOG.md","tool_name":"Edit"}
{"ts":"2026-06-08T10:45:15Z","reason":"f03_reject_out_of_tree","file_path":"/Users/wouterdebot/Documents/Development/AgentRepoCoach/fleet/state/SESSION_LOG.md","tool_name":"Edit"}
{"ts":"2026-06-08T11:25:40Z","reason":"f03_reject_out_of_tree","file_path":"/Users/wouterdebot/Documents/Development/AgentRepoCoach/fleet/state/AGENDA.md","tool_name":"Edit"}
{"ts":"2026-06-08T11:25:53Z","reason":"f03_reject_out_of_tree","file_path":"/Users/wouterdebot/Documents/Development/AgentRepoCoach/fleet/state/SESSION_LOG.md","tool_name":"Edit"}
{"ts":"2026-06-08T11:26:56Z","reason":"f03_reject_out_of_tree","file_path":"/Users/wouterdebot/Documents/Development/AgentRepoCoach/fleet/state/DECISION_LOG.md","tool_name":"Edit"}
{"ts":"2026-06-08T11:29:37Z","reason":"f03_reject_out_of_tree","file_path":"/Users/wouterdebot/Documents/Development/AgentRepoCoach/fleet/state/AGENDA.md","tool_name":"Edit"}
{"ts":"2026-06-08T11:45:35Z","reason":"f03_reject_out_of_tree","file_path":"/Users/wouterdebot/Documents/Development/AgentRepoCoach/fleet/state/AGENDA.md","tool_name":"Edit"}
{"ts":"2026-06-08T11:45:49Z","reason":"f03_reject_out_of_tree","file_path":"/Users/wouterdebot/Documents/Development/AgentRepoCoach/fleet/state/DECISION_LOG.md","tool_name":"Edit"}
{"ts":"2026-06-08T11:46:00Z","reason":"f03_reject_out_of_tree","file_path":"/Users/wouterdebot/Documents/Development/AgentRepoCoach/fleet/state/SESSION_LOG.md","tool_name":"Edit"}
{"ts":"2026-06-08T11:48:03Z","reason":"f03_reject_out_of_tree","file_path":"/Users/wouterdebot/Documents/Development/AgentRepoCoach/fleet/state/STRATEGIC_ROADMAP.md","tool_name":"Write"}
{"ts":"2026-06-08T12:03:49Z","reason":"f03_reject_out_of_tree","file_path":"/Users/wouterdebot/Documents/Development/AgentRepoCoach/fleet/state/AGENDA.md","tool_name":"Edit"}
{"ts":"2026-06-08T12:38:05Z","reason":"f03_reject_out_of_tree","file_path":"/Users/wouterdebot/Documents/Development/AgentRepoCoach/fleet/state/SESSION_LOG.md","tool_name":"Edit"}
{"ts":"2026-06-08T12:38:16Z","reason":"f03_reject_out_of_tree","file_path":"/Users/wouterdebot/Documents/Development/AgentRepoCoach/fleet/state/DECISION_LOG.md","tool_name":"Edit"}
{"ts":"2026-06-08T13:47:16Z","reason":"f03_reject_out_of_tree","file_path":"/Users/wouterdebot/Documents/Development/AgentRepoCoach/fleet/state/AGENDA.md","tool_name":"Edit"}
{"ts":"2026-06-08T13:47:29Z","reason":"f03_reject_out_of_tree","file_path":"/Users/wouterdebot/Documents/Development/AgentRepoCoach/fleet/state/AGENDA.md","tool_name":"Edit"}
{"ts":"2026-06-08T13:47:45Z","reason":"f03_reject_out_of_tree","file_path":"/Users/wouterdebot/Documents/Development/AgentRepoCoach/fleet/state/DECISION_LOG.md","tool_name":"Edit"}
{"ts":"2026-06-08T13:48:00Z","reason":"f03_reject_out_of_tree","file_path":"/Users/wouterdebot/Documents/Development/AgentRepoCoach/fleet/state/SESSION_LOG.md","tool_name":"Edit"}
{"ts":"2026-06-08T13:48:31Z","reason":"f03_reject_out_of_tree","file_path":"/Users/wouterdebot/Documents/Development/AgentRepoCoach/fleet/state/SESSION_LOG.md","tool_name":"Edit"}
{"ts":"2026-06-08T17:31:41Z","reason":"f03_reject_out_of_tree","file_path":"/Users/wouterdebot/Documents/Development/AgentRepoCoach/fleet/state/DECISION_LOG.md","tool_name":"Edit"}
{"ts":"2026-06-08T17:34:44Z","reason":"f03_reject_out_of_tree","file_path":"/Users/wouterdebot/Documents/Development/AgentRepoCoach/fleet/state/AGENDA.md","tool_name":"Edit"}
{"ts":"2026-06-08T17:34:59Z","reason":"f03_reject_out_of_tree","file_path":"/Users/wouterdebot/Documents/Development/AgentRepoCoach/fleet/state/AGENDA.md","tool_name":"Edit"}
{"ts":"2026-06-08T17:35:12Z","reason":"f03_reject_out_of_tree","file_path":"/Users/wouterdebot/Documents/Development/AgentRepoCoach/fleet/state/DECISION_LOG.md","tool_name":"Edit"}
{"ts":"2026-06-08T17:37:58Z","reason":"f03_reject_out_of_tree","file_path":"/Users/wouterdebot/Documents/Development/AgentRepoCoach/fleet/state/DECISION_LOG.md","tool_name":"Edit"}
{"ts":"2026-06-08T17:43:38Z","reason":"f03_reject_out_of_tree","file_path":"/Users/wouterdebot/Documents/Development/AgentRepoCoach/fleet/state/DECISION_LOG.md","tool_name":"Edit"}
{"ts":"2026-06-08T17:43:51Z","reason":"f03_reject_out_of_tree","file_path":"/Users/wouterdebot/Documents/Development/AgentRepoCoach/fleet/state/AGENDA.md","tool_name":"Edit"}
{"ts":"2026-06-08T17:44:02Z","reason":"f03_reject_out_of_tree","file_path":"/Users/wouterdebot/Documents/Development/AgentRepoCoach/fleet/state/AGENDA.md","tool_name":"Edit"}
{"ts":"2026-06-08T17:45:28Z","reason":"f03_reject_out_of_tree","file_path":"/Users/wouterdebot/Documents/Development/AgentRepoCoach/fleet/state/DECISION_LOG.md","tool_name":"Edit"}
{"ts":"2026-06-08T17:51:29Z","reason":"f03_reject_out_of_tree","file_path":"/Users/wouterdebot/Documents/Development/AgentRepoCoach/fleet/state/DECISION_LOG.md","tool_name":"Edit"}
{"ts":"2026-06-08T17:51:40Z","reason":"f03_reject_out_of_tree","file_path":"/Users/wouterdebot/Documents/Development/AgentRepoCoach/fleet/state/AGENDA.md","tool_name":"Edit"}
{"ts":"2026-06-08T17:51:53Z","reason":"f03_reject_out_of_tree","file_path":"/Users/wouterdebot/Documents/Development/AgentRepoCoach/fleet/state/AGENDA.md","tool_name":"Edit"}
{"ts":"2026-06-08T17:53:07Z","reason":"f03_reject_out_of_tree","file_path":"/Users/wouterdebot/Documents/Development/AgentRepoCoach/fleet/handoffs/2026-06-08-retrospective-report.md","tool_name":"Write"}
{"ts":"2026-06-08T19:13:32Z","reason":"f03_reject_out_of_tree","file_path":"/Users/wouterdebot/Documents/Development/AgentRepoCoach/fleet/state/SESSION_LOG.md","tool_name":"Edit"}
